    Blocking waiting for file lock on artifact directory
   Compiling cfg-if v1.0.4
   Compiling windows-link v0.2.1
   Compiling serde_core v1.0.228
   Compiling memchr v2.8.0
   Compiling itoa v1.0.18
   Compiling getrandom v0.2.17
   Compiling rand_core v0.6.4
   Compiling log v0.4.29
   Compiling stable_deref_trait v1.2.1
   Compiling smallvec v1.15.1
   Compiling getrandom v0.3.4
   Compiling jobserver v0.1.34
   Compiling serde v1.0.228
   Compiling cc v1.2.60
error: failed to write `D:\OneManager\AxAgent\src-tauri\target\debug\.fingerprint\cc-d933072cda6d4db5\invoked.timestamp`

Caused by:
  系统找不到指定的路径。 (os error 3)
